17:19:22.847 [main] DEBUG com.innowise.n1jel.service.impl.SortServiceImpl - Bubble sort completed
17:19:36.220 [main] DEBUG com.innowise.n1jel.service.impl.SortServiceImpl - Quick sort completed
17:19:59.941 [main] DEBUG com.innowise.n1jel.parser.IntCustomArrayParserImpl - Successfully parsed line: 1, 2, 3 into 3 integers
17:19:59.945 [main] DEBUG com.innowise.n1jel.parser.IntCustomArrayParserImpl - Failed to parse token: x as int
17:19:59.995 [main] ERROR com.innowise.n1jel.reader.CustomDataReaderImpl - Failed to read file: non_existent_file.txt
java.nio.file.NoSuchFileException: non_existent_file.txt
	at java.base/sun.nio.fs.WindowsException.translateToIOException(WindowsException.java:85)
	at java.base/sun.nio.fs.WindowsException.rethrowAsIOException(WindowsException.java:103)
	at java.base/sun.nio.fs.WindowsException.rethrowAsIOException(WindowsException.java:108)
	at java.base/sun.nio.fs.WindowsFileSystemProvider.newByteChannel(WindowsFileSystemProvider.java:231)
	at java.base/java.nio.file.Files.newByteChannel(Files.java:357)
	at java.base/java.nio.file.Files.newByteChannel(Files.java:399)
	at java.base/java.nio.file.spi.FileSystemProvider.newInputStream(FileSystemProvider.java:371)
	at java.base/java.nio.file.Files.newInputStream(Files.java:154)
	at java.base/java.nio.file.Files.newBufferedReader(Files.java:2645)
	at java.base/java.nio.file.Files.readAllLines(Files.java:3085)
	at java.base/java.nio.file.Files.readAllLines(Files.java:3122)
	at com.innowise.n1jel.reader.CustomDataReaderImpl.readFile(CustomDataReaderImpl.java:19)
	at com.innowise.n1jel.reader.CustomDataReaderImplTest.lambda$shouldThrowExceptionWhenFileNotFound$0(CustomDataReaderImplTest.java:44)
	at org.junit.jupiter.api.AssertThrows.assertThrows(AssertThrows.java:53)
	at org.junit.jupiter.api.AssertThrows.assertThrows(AssertThrows.java:35)
	at org.junit.jupiter.api.Assertions.assertThrows(Assertions.java:3128)
	at com.innowise.n1jel.reader.CustomDataReaderImplTest.shouldThrowExceptionWhenFileNotFound(CustomDataReaderImplTest.java:43)
	at java.base/jdk.internal.reflect.DirectMethodHandleAccessor.invoke(DirectMethodHandleAccessor.java:104)
	at java.base/java.lang.reflect.Method.invoke(Method.java:565)
	at org.junit.platform.commons.util.ReflectionUtils.invokeMethod(ReflectionUtils.java:767)
	at org.junit.jupiter.engine.execution.MethodInvocation.proceed(MethodInvocation.java:60)
	at org.junit.jupiter.engine.execution.InvocationInterceptorChain$ValidatingInvocation.proceed(InvocationInterceptorChain.java:131)
	at org.junit.jupiter.engine.extension.TimeoutExtension.intercept(TimeoutExtension.java:156)
	at org.junit.jupiter.engine.extension.TimeoutExtension.interceptTestableMethod(TimeoutExtension.java:147)
	at org.junit.jupiter.engine.extension.TimeoutExtension.interceptTestMethod(TimeoutExtension.java:86)
	at org.junit.jupiter.engine.execution.InterceptingExecutableInvoker$ReflectiveInterceptorCall.lambda$ofVoidMethod$0(InterceptingExecutableInvoker.java:103)
	at org.junit.jupiter.engine.execution.InterceptingExecutableInvoker.lambda$invoke$0(InterceptingExecutableInvoker.java:93)
	at org.junit.jupiter.engine.execution.InvocationInterceptorChain$InterceptedInvocation.proceed(InvocationInterceptorChain.java:106)
	at org.junit.jupiter.engine.execution.InvocationInterceptorChain.proceed(InvocationInterceptorChain.java:64)
	at org.junit.jupiter.engine.execution.InvocationInterceptorChain.chainAndInvoke(InvocationInterceptorChain.java:45)
	at org.junit.jupiter.engine.execution.InvocationInterceptorChain.invoke(InvocationInterceptorChain.java:37)
	at org.junit.jupiter.engine.execution.InterceptingExecutableInvoker.invoke(InterceptingExecutableInvoker.java:92)
	at org.junit.jupiter.engine.execution.InterceptingExecutableInvoker.invoke(InterceptingExecutableInvoker.java:86)
	at org.junit.jupiter.engine.descriptor.TestMethodTestDescriptor.lambda$invokeTestMethod$8(TestMethodTestDescriptor.java:217)
	at org.junit.platform.engine.support.hierarchical.ThrowableCollector.execute(ThrowableCollector.java:73)
	at org.junit.jupiter.engine.descriptor.TestMethodTestDescriptor.invokeTestMethod(TestMethodTestDescriptor.java:213)
	at org.junit.jupiter.engine.descriptor.TestMethodTestDescriptor.execute(TestMethodTestDescriptor.java:138)
	at org.junit.jupiter.engine.descriptor.TestMethodTestDescriptor.execute(TestMethodTestDescriptor.java:68)
	at org.junit.platform.engine.support.hierarchical.NodeTestTask.lambda$executeRecursively$6(NodeTestTask.java:156)
	at org.junit.platform.engine.support.hierarchical.ThrowableCollector.execute(ThrowableCollector.java:73)
	at org.junit.platform.engine.support.hierarchical.NodeTestTask.lambda$executeRecursively$8(NodeTestTask.java:146)
	at org.junit.platform.engine.support.hierarchical.Node.around(Node.java:137)
	at org.junit.platform.engine.support.hierarchical.NodeTestTask.lambda$executeRecursively$9(NodeTestTask.java:144)
	at org.junit.platform.engine.support.hierarchical.ThrowableCollector.execute(ThrowableCollector.java:73)
	at org.junit.platform.engine.support.hierarchical.NodeTestTask.executeRecursively(NodeTestTask.java:143)
	at org.junit.platform.engine.support.hierarchical.NodeTestTask.execute(NodeTestTask.java:100)
	at java.base/java.util.ArrayList.forEach(ArrayList.java:1604)
	at org.junit.platform.engine.support.hierarchical.SameThreadHierarchicalTestExecutorService.invokeAll(SameThreadHierarchicalTestExecutorService.java:41)
	at org.junit.platform.engine.support.hierarchical.NodeTestTask.lambda$executeRecursively$6(NodeTestTask.java:160)
	at org.junit.platform.engine.support.hierarchical.ThrowableCollector.execute(ThrowableCollector.java:73)
	at org.junit.platform.engine.support.hierarchical.NodeTestTask.lambda$executeRecursively$8(NodeTestTask.java:146)
	at org.junit.platform.engine.support.hierarchical.Node.around(Node.java:137)
	at org.junit.platform.engine.support.hierarchical.NodeTestTask.lambda$executeRecursively$9(NodeTestTask.java:144)
	at org.junit.platform.engine.support.hierarchical.ThrowableCollector.execute(ThrowableCollector.java:73)
	at org.junit.platform.engine.support.hierarchical.NodeTestTask.executeRecursively(NodeTestTask.java:143)
	at org.junit.platform.engine.support.hierarchical.NodeTestTask.execute(NodeTestTask.java:100)
	at java.base/java.util.ArrayList.forEach(ArrayList.java:1604)
	at org.junit.platform.engine.support.hierarchical.SameThreadHierarchicalTestExecutorService.invokeAll(SameThreadHierarchicalTestExecutorService.java:41)
	at org.junit.platform.engine.support.hierarchical.NodeTestTask.lambda$executeRecursively$6(NodeTestTask.java:160)
	at org.junit.platform.engine.support.hierarchical.ThrowableCollector.execute(ThrowableCollector.java:73)
	at org.junit.platform.engine.support.hierarchical.NodeTestTask.lambda$executeRecursively$8(NodeTestTask.java:146)
	at org.junit.platform.engine.support.hierarchical.Node.around(Node.java:137)
	at org.junit.platform.engine.support.hierarchical.NodeTestTask.lambda$executeRecursively$9(NodeTestTask.java:144)
	at org.junit.platform.engine.support.hierarchical.ThrowableCollector.execute(ThrowableCollector.java:73)
	at org.junit.platform.engine.support.hierarchical.NodeTestTask.executeRecursively(NodeTestTask.java:143)
	at org.junit.platform.engine.support.hierarchical.NodeTestTask.execute(NodeTestTask.java:100)
	at org.junit.platform.engine.support.hierarchical.SameThreadHierarchicalTestExecutorService.submit(SameThreadHierarchicalTestExecutorService.java:35)
	at org.junit.platform.engine.support.hierarchical.HierarchicalTestExecutor.execute(HierarchicalTestExecutor.java:57)
	at org.junit.platform.engine.support.hierarchical.HierarchicalTestEngine.execute(HierarchicalTestEngine.java:54)
	at org.junit.platform.launcher.core.EngineExecutionOrchestrator.execute(EngineExecutionOrchestrator.java:198)
	at org.junit.platform.launcher.core.EngineExecutionOrchestrator.execute(EngineExecutionOrchestrator.java:169)
	at org.junit.platform.launcher.core.EngineExecutionOrchestrator.execute(EngineExecutionOrchestrator.java:93)
	at org.junit.platform.launcher.core.EngineExecutionOrchestrator.lambda$execute$0(EngineExecutionOrchestrator.java:58)
	at org.junit.platform.launcher.core.EngineExecutionOrchestrator.withInterceptedStreams(EngineExecutionOrchestrator.java:141)
	at org.junit.platform.launcher.core.EngineExecutionOrchestrator.execute(EngineExecutionOrchestrator.java:57)
	at org.junit.platform.launcher.core.DefaultLauncher.execute(DefaultLauncher.java:103)
	at org.junit.platform.launcher.core.DefaultLauncher.execute(DefaultLauncher.java:85)
	at org.junit.platform.launcher.core.DelegatingLauncher.execute(DelegatingLauncher.java:47)
	at org.apache.maven.surefire.junitplatform.LauncherAdapter.executeWithoutCancellationToken(LauncherAdapter.java:60)
	at org.apache.maven.surefire.junitplatform.LauncherAdapter.execute(LauncherAdapter.java:52)
	at org.apache.maven.surefire.junitplatform.JUnitPlatformProvider.execute(JUnitPlatformProvider.java:203)
	at org.apache.maven.surefire.junitplatform.JUnitPlatformProvider.invokeAllTests(JUnitPlatformProvider.java:168)
	at org.apache.maven.surefire.junitplatform.JUnitPlatformProvider.invoke(JUnitPlatformProvider.java:136)
	at org.apache.maven.surefire.booter.ForkedBooter.runSuitesInProcess(ForkedBooter.java:385)
	at org.apache.maven.surefire.booter.ForkedBooter.execute(ForkedBooter.java:162)
	at org.apache.maven.surefire.booter.ForkedBooter.run(ForkedBooter.java:507)
	at org.apache.maven.surefire.booter.ForkedBooter.main(ForkedBooter.java:495)
17:20:00.018 [main] DEBUG com.innowise.n1jel.service.impl.AnalyticServiceImpl - Array is null or empty, cannot find min value
17:20:00.021 [main] DEBUG com.innowise.n1jel.service.impl.AnalyticServiceImpl - Min value found: 1
17:20:00.027 [main] DEBUG com.innowise.n1jel.service.impl.SortServiceImpl - Quick sort completed
17:20:00.029 [main] DEBUG com.innowise.n1jel.service.impl.SortServiceImpl - Bubble sort completed
17:22:44.199 [main] INFO  com.innowise.n1jel.reader.CustomDataReaderImpl - File read successfully: C:\dev\IdeaProjects\core-task1\target\classes\data\input.txt
17:34:31.269 [main] ERROR com.innowise.n1jel.reader.CustomArrayReaderImpl - File not found in resources: C:\dev\IdeaProjects\core-task1\target\classes\data\input.txt
17:35:25.141 [main] INFO  com.innowise.n1jel.reader.CustomArrayReaderImpl - File read successfully: data/input.txt
17:36:01.351 [main] DEBUG com.innowise.n1jel.parser.IntCustomArrayParserImpl - Successfully parsed line: 1, 2, 3 into 3 integers
17:36:01.355 [main] DEBUG com.innowise.n1jel.parser.IntCustomArrayParserImpl - Failed to parse token: x as int
17:36:01.400 [main] ERROR com.innowise.n1jel.reader.CustomArrayReaderImpl - File not found in resources: non_existent_file.txt
17:36:01.405 [main] INFO  com.innowise.n1jel.reader.CustomArrayReaderImpl - File read successfully: data/input.txt
17:36:01.412 [main] DEBUG com.innowise.n1jel.service.impl.AnalyticServiceImpl - Array is null or empty, cannot find min value
17:36:01.414 [main] DEBUG com.innowise.n1jel.service.impl.AnalyticServiceImpl - Min value found: 1
17:36:01.420 [main] DEBUG com.innowise.n1jel.service.impl.SortServiceImpl - Quick sort completed
17:36:01.421 [main] DEBUG com.innowise.n1jel.service.impl.SortServiceImpl - Bubble sort completed
18:16:14.792 [main] INFO  com.innowise.n1jel.app.Main - Application started
18:16:14.798 [main] INFO  com.innowise.n1jel.reader.CustomArrayReaderImpl - File read successfully: data/input.txt
18:16:14.800 [main] DEBUG com.innowise.n1jel.parser.IntCustomArrayParserImpl - Successfully parsed line: 1, 2, 3 into 3 integers
18:16:14.802 [main] INFO  com.innowise.n1jel.app.Main - Created array: IntCustomArray{array =[1, 2, 3], length=3}
18:16:14.803 [main] DEBUG com.innowise.n1jel.parser.IntCustomArrayParserImpl - Successfully parsed line: 1 - 2 - 3 into 3 integers
18:16:14.803 [main] INFO  com.innowise.n1jel.app.Main - Created array: IntCustomArray{array =[1, 2, 3], length=3}
18:16:14.803 [main] DEBUG com.innowise.n1jel.parser.IntCustomArrayParserImpl - Successfully parsed line: 3 4 7 into 3 integers
18:16:14.803 [main] INFO  com.innowise.n1jel.app.Main - Created array: IntCustomArray{array =[3, 4, 7], length=3}
18:16:14.803 [main] WARN  com.innowise.n1jel.app.Main - Invalid line skipped: 1, 2, x3, 6..5, 77
18:16:14.803 [main] WARN  com.innowise.n1jel.app.Main - Invalid line skipped: 
18:16:14.803 [main] DEBUG com.innowise.n1jel.parser.IntCustomArrayParserImpl - Successfully parsed line: 11- 2 - 42- into 3 integers
18:16:14.804 [main] INFO  com.innowise.n1jel.app.Main - Created array: IntCustomArray{array =[11, 2, 42], length=3}
18:16:14.804 [main] INFO  com.innowise.n1jel.app.Main - Processing array: [1, 2, 3]
18:16:14.804 [main] DEBUG com.innowise.n1jel.service.impl.AnalyticServiceImpl - Min value found: 1
18:16:14.805 [main] DEBUG com.innowise.n1jel.service.impl.AnalyticServiceImpl - Max value found: 3
18:16:14.805 [main] DEBUG com.innowise.n1jel.service.impl.AnalyticServiceImpl - Sum calculated: 6
18:16:14.805 [main] DEBUG com.innowise.n1jel.service.impl.AnalyticServiceImpl - Average calculated: 2.0
18:16:14.805 [main] INFO  com.innowise.n1jel.app.Main - Min: 1
18:16:14.806 [main] INFO  com.innowise.n1jel.app.Main - Max: 3
18:16:14.806 [main] INFO  com.innowise.n1jel.app.Main - Sum: 6
18:16:14.806 [main] INFO  com.innowise.n1jel.app.Main - Average: 2.0
18:16:14.807 [main] DEBUG com.innowise.n1jel.service.impl.SortServiceImpl - Bubble sort completed
18:16:14.807 [main] INFO  com.innowise.n1jel.app.Main - After bubble sort: [1, 2, 3]
18:16:14.807 [main] INFO  com.innowise.n1jel.app.Main - Processing array: [1, 2, 3]
18:16:14.807 [main] DEBUG com.innowise.n1jel.service.impl.AnalyticServiceImpl - Min value found: 1
18:16:14.807 [main] DEBUG com.innowise.n1jel.service.impl.AnalyticServiceImpl - Max value found: 3
18:16:14.807 [main] DEBUG com.innowise.n1jel.service.impl.AnalyticServiceImpl - Sum calculated: 6
18:16:14.807 [main] DEBUG com.innowise.n1jel.service.impl.AnalyticServiceImpl - Average calculated: 2.0
18:16:14.807 [main] INFO  com.innowise.n1jel.app.Main - Min: 1
18:16:14.808 [main] INFO  com.innowise.n1jel.app.Main - Max: 3
18:16:14.808 [main] INFO  com.innowise.n1jel.app.Main - Sum: 6
18:16:14.808 [main] INFO  com.innowise.n1jel.app.Main - Average: 2.0
18:16:14.808 [main] DEBUG com.innowise.n1jel.service.impl.SortServiceImpl - Bubble sort completed
18:16:14.808 [main] INFO  com.innowise.n1jel.app.Main - After bubble sort: [1, 2, 3]
18:16:14.808 [main] INFO  com.innowise.n1jel.app.Main - Processing array: [3, 4, 7]
18:16:14.808 [main] DEBUG com.innowise.n1jel.service.impl.AnalyticServiceImpl - Min value found: 3
18:16:14.808 [main] DEBUG com.innowise.n1jel.service.impl.AnalyticServiceImpl - Max value found: 7
18:16:14.808 [main] DEBUG com.innowise.n1jel.service.impl.AnalyticServiceImpl - Sum calculated: 14
18:16:14.809 [main] DEBUG com.innowise.n1jel.service.impl.AnalyticServiceImpl - Average calculated: 4.666666666666667
18:16:14.809 [main] INFO  com.innowise.n1jel.app.Main - Min: 3
18:16:14.809 [main] INFO  com.innowise.n1jel.app.Main - Max: 7
18:16:14.809 [main] INFO  com.innowise.n1jel.app.Main - Sum: 14
18:16:14.809 [main] INFO  com.innowise.n1jel.app.Main - Average: 4.666666666666667
